// Jest Snapshot v1, https://goo.gl/fbAQLP

exports[`AddIngredient should match snapshot 1`] = `
<div>
  <div
    class="container"
  >
    <div
      class="elements"
    >
      <h1
        class="title"
      >
        Ajouter un nouvel ingrédient
      </h1>
      <form
        class="form"
      >
        <label>
          Nom de l'ingrédient
        </label>
        <input
          class="input"
          type="text"
          value=""
        />
        <label>
          L'unité
        </label>
        <input
          class="input"
          type="text"
          value=""
        />
        <button
          class="submitButton"
        >
          Ajouter l'ingrédient
        </button>
      </form>
    </div>
  </div>
</div>
`;
